{
    "Should run FASTQC checks without failures": {
        "content": [
            {
                "0": [
                    [
                        [
                            "dummy_t_R1_xxx_fastqc.html:md5,beac9ec2cd2f96f47c20d207bd0b4aee",
                            "dummy_t_R2_xxx_fastqc.html:md5,b257577097132c04a667ee085fa2b413"
                        ],
                        [
                            "dummy_t_R1_xxx_fastqc.zip:md5,600df9d6e674ab795ec641759879e72f",
                            "dummy_t_R2_xxx_fastqc.zip:md5,5746efd3596cc59f6953419860b09589"
                        ]
                    ]
                ],
                "fastqc_files": [
                    [
                        [
                            "dummy_t_R1_xxx_fastqc.html:md5,beac9ec2cd2f96f47c20d207bd0b4aee",
                            "dummy_t_R2_xxx_fastqc.html:md5,b257577097132c04a667ee085fa2b413"
                        ],
                        [
                            "dummy_t_R1_xxx_fastqc.zip:md5,600df9d6e674ab795ec641759879e72f",
                            "dummy_t_R2_xxx_fastqc.zip:md5,5746efd3596cc59f6953419860b09589"
                        ]
                    ]
                ]
            }
        ],
        "meta": {
            "nf-test": "0.9.3",
            "nextflow": "25.04.6"
        },
        "timestamp": "2026-04-15T16:42:33.344998"
    }
}