{
    "Should mark the duplicates without failures": {
        "content": [
            {
                "0": [
                    [
                        "test",
                        "test.MarkDuplicate.bam:md5,c951147953602881298bb6e14d3d9eb3",
                        "test.MarkDuplicate.bam.bai:md5,268c6667e713b694cc620466fa67269d"
                    ]
                ],
                "mark_dupe_bams": [
                    [
                        "test",
                        "test.MarkDuplicate.bam:md5,c951147953602881298bb6e14d3d9eb3",
                        "test.MarkDuplicate.bam.bai:md5,268c6667e713b694cc620466fa67269d"
                    ]
                ]
            }
        ],
        "meta": {
            "nf-test": "0.9.3",
            "nextflow": "25.04.6"
        },
        "timestamp": "2026-04-15T16:42:38.87816"
    }
}