{
    "Should trim FASTQs without failures": {
        "content": [
            {
                "0": [
                    
                ],
                "trimmed_fastqs": [
                    
                ]
            }
        ],
        "meta": {
            "nf-test": "0.9.3",
            "nextflow": "25.10.2"
        },
        "timestamp": "2026-04-15T16:28:38.339372"
    }
}